com\mycompany\projetofome6\ExcluirTela$3.class
com\mycompany\projetofome6\CRUDTela$1.class
com\mycompany\projetofome6\InserirTela$1.class
com\mycompany\projetofome6\CRUDTela$3.class
com\mycompany\projetofome6\ExcluirTela.class
com\mycompany\projetofome6\ExcluirTela$1.class
com\mycompany\projetofome6\CRUDTela.class
com\mycompany\projetofome6\ConexaoBD.class
com\mycompany\projetofome6\InserirTela.class
com\mycompany\projetofome6\LoginTela.class
com\mycompany\projetofome6\ProjetoFome6.class
com\mycompany\projetofome6\Usuario.class
com\mycompany\projetofome6\LoginTela$2.class
com\mycompany\projetofome6\AtualizarTela$2.class
com\mycompany\projetofome6\InserirTela$2.class
com\mycompany\projetofome6\CRUDTela$2.class
com\mycompany\projetofome6\DAO.class
com\mycompany\projetofome6\LoginTela$4.class
com\mycompany\projetofome6\ExcluirTela$2.class
com\mycompany\projetofome6\Produto.class
com\mycompany\projetofome6\InserirTela$4.class
com\mycompany\projetofome6\LoginTela$1.class
com\mycompany\projetofome6\AtualizarTela$3.class
com\mycompany\projetofome6\AtualizarTela$1.class
com\mycompany\projetofome6\AtualizarTela.class
com\mycompany\projetofome6\InserirTela$3.class
com\mycompany\projetofome6\LoginTela$3.class
