C:\Users\DELL\OneDrive\Documentos\NetBeansProjects\projetoFome6\src\main\java\com\mycompany\projetofome6\AtualizarTela.java
C:\Users\DELL\OneDrive\Documentos\NetBeansProjects\projetoFome6\src\main\java\com\mycompany\projetofome6\ConexaoBD.java
C:\Users\DELL\OneDrive\Documentos\NetBeansProjects\projetoFome6\src\main\java\com\mycompany\projetofome6\CRUDTela.java
C:\Users\DELL\OneDrive\Documentos\NetBeansProjects\projetoFome6\src\main\java\com\mycompany\projetofome6\DAO.java
C:\Users\DELL\OneDrive\Documentos\NetBeansProjects\projetoFome6\src\main\java\com\mycompany\projetofome6\ExcluirTela.java
C:\Users\DELL\OneDrive\Documentos\NetBeansProjects\projetoFome6\src\main\java\com\mycompany\projetofome6\InserirTela.java
C:\Users\DELL\OneDrive\Documentos\NetBeansProjects\projetoFome6\src\main\java\com\mycompany\projetofome6\LoginTela.java
C:\Users\DELL\OneDrive\Documentos\NetBeansProjects\projetoFome6\src\main\java\com\mycompany\projetofome6\Produto.java
C:\Users\DELL\OneDrive\Documentos\NetBeansProjects\projetoFome6\src\main\java\com\mycompany\projetofome6\ProjetoFome6.java
C:\Users\DELL\OneDrive\Documentos\NetBeansProjects\projetoFome6\src\main\java\com\mycompany\projetofome6\Usuario.java
